exp1: 115,200,000 rows, ~41.8 GB, 128 files of ~335 MB, heap 32g
host: {'nproc': '16', 'mem_total': '123 GiB', 'warehouse_dev': '/dev/nvme1n1', 'root_dev': '/dev/nvme0n1p1', 'kernel': '6.17.0-1017-aws', 'instance': 'i4i.4xlarge'}
  r0 off      compact=  137.29s ingest=  230.3s evict=4.44s disk= 53.1GB B/row=495 groups tot/gated/aud=None/None/None
  r0 gateON   compact=  142.24s ingest=  230.3s evict=4.33s disk= 53.1GB B/row=495 groups tot/gated/aud=1/1/0
  r0 gateOFF  compact=  274.46s ingest=  230.9s evict=4.31s disk= 53.1GB B/row=495 groups tot/gated/aud=1/0/1
  r1 off      compact=  140.41s ingest=  230.0s evict=4.3s disk= 53.1GB B/row=495 groups tot/gated/aud=None/None/None
  r1 gateON   compact=  138.63s ingest=  230.9s evict=4.19s disk= 53.1GB B/row=495 groups tot/gated/aud=1/1/0
  r1 gateOFF  compact=  269.63s ingest=  230.1s evict=4.32s disk= 53.1GB B/row=495 groups tot/gated/aud=1/0/1
  r2 off      compact=  141.04s ingest=  229.8s evict=4.16s disk= 53.1GB B/row=495 groups tot/gated/aud=None/None/None
  r2 gateON   compact=  142.67s ingest=  230.6s evict=4.19s disk= 53.1GB B/row=495 groups tot/gated/aud=1/1/0
  r2 gateOFF  compact=  273.84s ingest=  231.1s evict=4.46s disk= 53.1GB B/row=495 groups tot/gated/aud=1/0/1
  r3 off      compact=  139.78s ingest=  230.2s evict=4.31s disk= 53.1GB B/row=495 groups tot/gated/aud=None/None/None
  r3 gateON   compact=  141.19s ingest=  230.2s evict=4.29s disk= 53.1GB B/row=495 groups tot/gated/aud=1/1/0
  r3 gateOFF  compact=  274.88s ingest=  230.7s evict=4.35s disk= 53.1GB B/row=495 groups tot/gated/aud=1/0/1
  r4 off      compact=  140.47s ingest=  230.5s evict=4.48s disk= 53.1GB B/row=495 groups tot/gated/aud=None/None/None
  r4 gateON   compact=  139.48s ingest=  230.6s evict=4.06s disk= 53.1GB B/row=495 groups tot/gated/aud=1/1/0
  r4 gateOFF  compact=  274.73s ingest=  229.7s evict=3.97s disk= 53.1GB B/row=495 groups tot/gated/aud=1/0/1

============================================================================================
INGEST CONTROL (must not vary with arm): all 15 runs span 1.006x; excluding the first (session warmup) 14 runs span 1.006x
BASELINE STABILITY: median 140.4s  spread 1.03x  CV 1.1%   (local cold 11 GB was 1.44x / 15%; local 22 GB was 9.14x and unusable)
gateON   vs off: paired median 1.01 (range 0.99-1.04, 3/5 above 1)
gateOFF  vs off: paired median 1.96 (range 1.92-2.00, 5/5 above 1)

PASS

evidence -> /opt/mor/results/exp1_cost.json
